src/components/chat/ContactClient.tsx(90,34): error TS18048: 'initialSettings.support' is possibly 'undefined'.
